<?xml version="1.0" encoding="UTF-8"?>
<testsuites name="jest tests" tests="2" failures="0" errors="0" time="0.865">
  <testsuite name="Math Functions" errors="0" failures="0" skipped="0" timestamp="2025-01-03T07:09:29" time="0.809" tests="2">
    <testcase classname="Math Functions add should return the sum of two numbers" name="Math Functions add should return the sum of two numbers" time="0.001">
    </testcase>
    <testcase classname="Math Functions multiply should return the product of two numbers" name="Math Functions multiply should return the product of two numbers" time="0">
    </testcase>
  </testsuite>
</testsuites>